../Core/Inc/micros.h:39:22:DWT_Init	4	static
../Core/Inc/micros.h:52:26:micros	4	static
../Core/Src/main.c:89:6:HAL_TIM_IC_CaptureCallback	16	static
../Core/Src/main.c:98:7:map	32	static
../Core/Src/main.c:111:5:main	32	static,ignoring_inline_asm
../Core/Src/main.c:230:6:SystemClock_Config	88	static
../Core/Src/main.c:277:13:MX_TIM2_Init	32	static
../Core/Src/main.c:322:13:MX_TIM3_Init	64	static
../Core/Src/main.c:381:13:MX_TIM4_Init	56	static
../Core/Src/main.c:430:13:MX_USART1_UART_Init	8	static
../Core/Src/main.c:463:13:MX_GPIO_Init	48	static
../Core/Src/main.c:499:6:Error_Handler	4	static,ignoring_inline_asm
